
> parque-dos-eucaliptos@0.1.0 test
> vitest --mode test --run


[1m[30m[46m RUN [49m[39m[22m [36mv4.1.4 [39m[90mC:/GITHUB/parque-dos-eucaliptos - Copia[39m

node.exe : [vitest-pool]: 
Failed to terminate forks 
worker for test files C:/GI
THUB/parque-dos-eucaliptos 
- Copia/app/dashboard/Dashb
oard.test.tsx. Error: The 
child process was torn 
down or never initialized. 
This is a bug in Vitest.
No linha:1 caractere:1
+ & "C:\Program 
Files\nodejs/node.exe" 
"C:\Program 
Files\nodejs/node_mo ...
+ ~~~~~~~~~~~~~~~~~~~~~~~~~
~~~~~~~~~~~~~~~~~~~~~~~~~~~
~~~~~~~~~~~~~~~~~
    + CategoryInfo         
     : NotSpecified: ([vi  
  test-pool]: ... bug in   
  Vitest.:String) [], R    
emoteException
    + FullyQualifiedErrorI 
   d : NativeCommandError
 
    at ForksPoolWorker.get 
fork [as fork] (file:///C:/
GITHUB/parque-dos-eucalipto
s%20-%20Copia/node_modules/
vitest/dist/chunks/cli-api.
lDy4N9kC.js:3116:26)
    at ForksPoolWorker.off 
(file:///C:/GITHUB/parque-d
os-eucaliptos%20-%20Copia/n
ode_modules/vitest/dist/chu
nks/cli-api.lDy4N9kC.js:306
5:8)
    at PoolRunner.stop (fil
e:///C:/GITHUB/parque-dos-e
ucaliptos%20-%20Copia/node_
modules/vitest/dist/chunks/
cli-api.lDy4N9kC.js:2946:16
)
    at Pool.schedule (file:
///C:/GITHUB/parque-dos-euc
aliptos%20-%20Copia/node_mo
dules/vitest/dist/chunks/cl
i-api.lDy4N9kC.js:3467:35)
[vitest-pool]: Failed to 
terminate forks worker for 
test files C:/GITHUB/parque
-dos-eucaliptos - Copia/par
que-eucaliptos-app/site/app
/dashboard/Dashboard.test.t
sx. Error: The child 
process was torn down or 
never initialized. This is 
a bug in Vitest.
    at ForksPoolWorker.get 
fork [as fork] (file:///C:/
GITHUB/parque-dos-eucalipto
s%20-%20Copia/node_modules/
vitest/dist/chunks/cli-api.
lDy4N9kC.js:3116:26)
    at ForksPoolWorker.off 
(file:///C:/GITHUB/parque-d
os-eucaliptos%20-%20Copia/n
ode_modules/vitest/dist/chu
nks/cli-api.lDy4N9kC.js:306
5:8)
    at PoolRunner.stop (fil
e:///C:/GITHUB/parque-dos-e
ucaliptos%20-%20Copia/node_
modules/vitest/dist/chunks/
cli-api.lDy4N9kC.js:2946:16
)
    at Pool.schedule (file:
///C:/GITHUB/parque-dos-euc
aliptos%20-%20Copia/node_mo
dules/vitest/dist/chunks/cl
i-api.lDy4N9kC.js:3467:35)
[vitest-pool]: Failed to 
terminate forks worker for 
test files C:/GITHUB/parque
-dos-eucaliptos - Copia/app
/exemplo2.test.tsx. Error: 
The child process was torn 
down or never initialized. 
This is a bug in Vitest.
    at ForksPoolWorker.get 
fork [as fork] (file:///C:/
GITHUB/parque-dos-eucalipto
s%20-%20Copia/node_modules/
vitest/dist/chunks/cli-api.
lDy4N9kC.js:3116:26)
    at ForksPoolWorker.off 
(file:///C:/GITHUB/parque-d
os-eucaliptos%20-%20Copia/n
ode_modules/vitest/dist/chu
nks/cli-api.lDy4N9kC.js:306
5:8)
    at PoolRunner.stop (fil
e:///C:/GITHUB/parque-dos-e
ucaliptos%20-%20Copia/node_
modules/vitest/dist/chunks/
cli-api.lDy4N9kC.js:2946:16
)
    at Pool.schedule (file:
///C:/GITHUB/parque-dos-euc
aliptos%20-%20Copia/node_mo
dules/vitest/dist/chunks/cl
i-api.lDy4N9kC.js:3467:35)
[vitest-pool]: Failed to 
terminate forks worker for 
test files C:/GITHUB/parque
-dos-eucaliptos - Copia/app
/admin/dashboard/DashboardA
dmin.test.tsx. Error: The 
child process was torn 
down or never initialized. 
This is a bug in Vitest.
    at ForksPoolWorker.get 
fork [as fork] (file:///C:/
GITHUB/parque-dos-eucalipto
s%20-%20Copia/node_modules/
vitest/dist/chunks/cli-api.
lDy4N9kC.js:3116:26)
    at ForksPoolWorker.off 
(file:///C:/GITHUB/parque-d
os-eucaliptos%20-%20Copia/n
ode_modules/vitest/dist/chu
nks/cli-api.lDy4N9kC.js:306
5:8)
    at PoolRunner.stop (fil
e:///C:/GITHUB/parque-dos-e
ucaliptos%20-%20Copia/node_
modules/vitest/dist/chunks/
cli-api.lDy4N9kC.js:2946:16
)
    at Pool.schedule (file:
///C:/GITHUB/parque-dos-euc
aliptos%20-%20Copia/node_mo
dules/vitest/dist/chunks/cl
i-api.lDy4N9kC.js:3467:35)
[vitest-pool]: Failed to 
terminate forks worker for 
test files C:/GITHUB/parque
-dos-eucaliptos - Copia/par
que-eucaliptos-app/site/app
/admin/dashboard/DashboardA
dmin.test.tsx. Error: The 
child process was torn 
down or never initialized. 
This is a bug in Vitest.
    at ForksPoolWorker.get 
fork [as fork] (file:///C:/
GITHUB/parque-dos-eucalipto
s%20-%20Copia/node_modules/
vitest/dist/chunks/cli-api.
lDy4N9kC.js:3116:26)
    at ForksPoolWorker.off 
(file:///C:/GITHUB/parque-d
os-eucaliptos%20-%20Copia/n
ode_modules/vitest/dist/chu
nks/cli-api.lDy4N9kC.js:306
5:8)
    at PoolRunner.stop (fil
e:///C:/GITHUB/parque-dos-e
ucaliptos%20-%20Copia/node_
modules/vitest/dist/chunks/
cli-api.lDy4N9kC.js:2946:16
)
    at Pool.schedule (file:
///C:/GITHUB/parque-dos-euc
aliptos%20-%20Copia/node_mo
dules/vitest/dist/chunks/cl
i-api.lDy4N9kC.js:3467:35)
[vitest-pool]: Failed to 
terminate forks worker for 
test files C:/GITHUB/parque
-dos-eucaliptos - Copia/par
que-eucaliptos-app/site/app
/exemplo2.test.tsx. Error: 
The child process was torn 
down or never initialized. 
This is a bug in Vitest.
    at ForksPoolWorker.get 
fork [as fork] (file:///C:/
GITHUB/parque-dos-eucalipto
s%20-%20Copia/node_modules/
vitest/dist/chunks/cli-api.
lDy4N9kC.js:3116:26)
    at ForksPoolWorker.off 
(file:///C:/GITHUB/parque-d
os-eucaliptos%20-%20Copia/n
ode_modules/vitest/dist/chu
nks/cli-api.lDy4N9kC.js:306
5:8)
    at PoolRunner.stop (fil
e:///C:/GITHUB/parque-dos-e
ucaliptos%20-%20Copia/node_
modules/vitest/dist/chunks/
cli-api.lDy4N9kC.js:2946:16
)
    at Pool.schedule (file:
///C:/GITHUB/parque-dos-euc
aliptos%20-%20Copia/node_mo
dules/vitest/dist/chunks/cl
i-api.lDy4N9kC.js:3467:35)
[vitest-pool]: Failed to 
terminate forks worker for 
test files C:/GITHUB/parque
-dos-eucaliptos - Copia/com
ponents/Card.test.tsx. 
Error: The child process 
was torn down or never 
initialized. This is a bug 
in Vitest.
    at ForksPoolWorker.get 
fork [as fork] (file:///C:/
GITHUB/parque-dos-eucalipto
s%20-%20Copia/node_modules/
vitest/dist/chunks/cli-api.
lDy4N9kC.js:3116:26)
    at ForksPoolWorker.off 
(file:///C:/GITHUB/parque-d
os-eucaliptos%20-%20Copia/n
ode_modules/vitest/dist/chu
nks/cli-api.lDy4N9kC.js:306
5:8)
    at PoolRunner.stop (fil
e:///C:/GITHUB/parque-dos-e
ucaliptos%20-%20Copia/node_
modules/vitest/dist/chunks/
cli-api.lDy4N9kC.js:2946:16
)
    at Pool.schedule (file:
///C:/GITHUB/parque-dos-euc
aliptos%20-%20Copia/node_mo
dules/vitest/dist/chunks/cl
i-api.lDy4N9kC.js:3467:35)
[vitest-pool]: Failed to 
terminate forks worker for 
test files C:/GITHUB/parque
-dos-eucaliptos - 
Copia/Exemplo.test.tsx. 
Error: The child process 
was torn down or never 
initialized. This is a bug 
in Vitest.
    at ForksPoolWorker.get 
fork [as fork] (file:///C:/
GITHUB/parque-dos-eucalipto
s%20-%20Copia/node_modules/
vitest/dist/chunks/cli-api.
lDy4N9kC.js:3116:26)
    at ForksPoolWorker.off 
(file:///C:/GITHUB/parque-d
os-eucaliptos%20-%20Copia/n
ode_modules/vitest/dist/chu
nks/cli-api.lDy4N9kC.js:306
5:8)
    at PoolRunner.stop (fil
e:///C:/GITHUB/parque-dos-e
ucaliptos%20-%20Copia/node_
modules/vitest/dist/chunks/
cli-api.lDy4N9kC.js:2946:16
)
    at Pool.schedule (file:
///C:/GITHUB/parque-dos-euc
aliptos%20-%20Copia/node_mo
dules/vitest/dist/chunks/cl
i-api.lDy4N9kC.js:3467:35)
[31mÔÄ»ÔÄ»ÔÄ»ÔÄ»ÔÄ»ÔÄ»[39
m[1m[41m Unhandled 
Errors [49m[22m[31mÔÄ»ÔÄ
»ÔÄ»ÔÄ»ÔÄ»ÔÄ»[39m
[31m[1m
Vitest caught 8 unhandled 
errors during the test run.
This might cause false 
positive tests. Resolve 
unhandled errors to make 
sure your tests are not 
affected.[22m[39m

[31mÔÄ»ÔÄ»ÔÄ»ÔÄ»ÔÄ»ÔÄ»[39
m[1m[41m Unhandled Error 
[49m[22m[31mÔÄ»ÔÄ»ÔÄ»ÔÄ»
ÔÄ»ÔÄ»ÔÄ»[39m
[31m[1mError[22m: 
[vitest-pool]: Failed to 
start forks worker for 
test files C:/GITHUB/parque
-dos-eucaliptos - Copia/app
/dashboard/Dashboard.test.t
sx.[39m
[90m [2mÔØ»[22m ../parqu
e-dos-eucaliptos%20-%20Copi
a/node_modules/vitest/dist/
chunks/cli-api.lDy4N9kC.js:
[2m3448:94[22m[39m
[90m [2mÔØ»[22m 
Pool.schedule ../parque-dos
-eucaliptos%20-%20Copia/nod
e_modules/vitest/dist/chunk
s/cli-api.lDy4N9kC.js:[2m3
448:5[22m[39m

[31m[1mCaused by: 
TypeError[22m: The 
property 'options.env[' N E
 X T _ P U B L I C _ G E M 
I N I _ A P I _ K E Y ']' 
must be a string without 
null bytes. Received '\x00N
\x00E\x00X\x00T\x00_\x00P\x
00U\x00B\x00L\x00I\x00C\x00
_\x00G\x00E\x00M\x00I\x00N\
x00I\x00_\x00A\x00P\x00I\x0
0_\x00K\x00E\x...[39m
[90m [2mÔØ»[22m 
validateArgumentNullCheck n
ode:child_process:[2m1008:
11[22m[39m
[90m [2mÔØ»[22m 
normalizeSpawnArguments nod
e:child_process:[2m734:7[
22m[39m
[90m [2mÔØ»[22m spawn no
de:child_process:[2m789:13
[22m[39m
[90m [2mÔØ»[22m fork nod
e:child_process:[2m174:10
[22m[39m
[90m [2mÔØ»[22m 
ForksPoolWorker.start ../pa
rque-dos-eucaliptos%20-%20C
opia/node_modules/vitest/di
st/chunks/cli-api.lDy4N9kC.
js:[2m3071:18[22m[39m
[90m [2mÔØ»[22m ../parqu
e-dos-eucaliptos%20-%20Copi
a/node_modules/vitest/dist/
chunks/cli-api.lDy4N9kC.js:
[2m2887:119[22m[39m
[90m [2mÔØ»[22m 
Traces.$ ../parque-dos-euca
liptos%20-%20Copia/node_mod
ules/vitest/dist/chunks/tra
ces.DT5aQ62U.js:[2m142:27
[22m[39m
[90m [2mÔØ»[22m 
PoolRunner.start ../parque-
dos-eucaliptos%20-%20Copia/
node_modules/vitest/dist/ch
unks/cli-api.lDy4N9kC.js:[
2m2887:23[22m[39m
[90m [2mÔØ»[22m 
Pool.schedule ../parque-dos
-eucaliptos%20-%20Copia/nod
e_modules/vitest/dist/chunk
s/cli-api.lDy4N9kC.js:[2m3
448:18[22m[39m
[90m [2mÔØ»[22m 
Pool.run ../parque-dos-euca
liptos%20-%20Copia/node_mod
ules/vitest/dist/chunks/cli
-api.lDy4N9kC.js:[2m3410:8
[22m[39m

[31m[2mÔÄ»ÔÄ»ÔÄ»ÔÄ»ÔÄ»ÔÄ»
ÔÄ»ÔÄ»ÔÄ»ÔÄ»ÔÄ»ÔÄ»ÔÄ»ÔÄ»ÔÄ»
ÔÄ»ÔÄ»ÔÄ»ÔÄ»ÔÄ»ÔÄ»ÔÄ»ÔÄ»ÔÄ»
ÔÄ»ÔÄ»ÔÄ»ÔÄ»ÔÄ»ÔÄ»[22m[39
m
[31m[1mSerialized 
Error:[22m[39m [90m{ 
code: 
'ERR_INVALID_ARG_VALUE' 
}[39m

[31mÔÄ»ÔÄ»ÔÄ»ÔÄ»ÔÄ»ÔÄ»[39
m[1m[41m Unhandled Error 
[49m[22m[31mÔÄ»ÔÄ»ÔÄ»ÔÄ»
ÔÄ»ÔÄ»ÔÄ»[39m
[31m[1mError[22m: 
[vitest-pool]: Failed to 
start forks worker for 
test files C:/GITHUB/parque
-dos-eucaliptos - Copia/par
que-eucaliptos-app/site/app
/dashboard/Dashboard.test.t
sx.[39m
[90m [2mÔØ»[22m ../parqu
e-dos-eucaliptos%20-%20Copi
a/node_modules/vitest/dist/
chunks/cli-api.lDy4N9kC.js:
[2m3448:94[22m[39m
[90m [2mÔØ»[22m 
Pool.schedule ../parque-dos
-eucaliptos%20-%20Copia/nod
e_modules/vitest/dist/chunk
s/cli-api.lDy4N9kC.js:[2m3
448:5[22m[39m

[31m[1mCaused by: 
TypeError[22m: The 
property 'options.env[' N E
 X T _ P U B L I C _ G E M 
I N I _ A P I _ K E Y ']' 
must be a string without 
null bytes. Received '\x00N
\x00E\x00X\x00T\x00_\x00P\x
00U\x00B\x00L\x00I\x00C\x00
_\x00G\x00E\x00M\x00I\x00N\
x00I\x00_\x00A\x00P\x00I\x0
0_\x00K\x00E\x...[39m
[90m [2mÔØ»[22m 
validateArgumentNullCheck n
ode:child_process:[2m1008:
11[22m[39m
[90m [2mÔØ»[22m 
normalizeSpawnArguments nod
e:child_process:[2m734:7[
22m[39m
[90m [2mÔØ»[22m spawn no
de:child_process:[2m789:13
[22m[39m
[90m [2mÔØ»[22m fork nod
e:child_process:[2m174:10
[22m[39m
[90m [2mÔØ»[22m 
ForksPoolWorker.start ../pa
rque-dos-eucaliptos%20-%20C
opia/node_modules/vitest/di
st/chunks/cli-api.lDy4N9kC.
js:[2m3071:18[22m[39m
[90m [2mÔØ»[22m ../parqu
e-dos-eucaliptos%20-%20Copi
a/node_modules/vitest/dist/
chunks/cli-api.lDy4N9kC.js:
[2m2887:119[22m[39m
[90m [2mÔØ»[22m 
Traces.$ ../parque-dos-euca
liptos%20-%20Copia/node_mod
ules/vitest/dist/chunks/tra
ces.DT5aQ62U.js:[2m142:27
[22m[39m
[90m [2mÔØ»[22m 
PoolRunner.start ../parque-
dos-eucaliptos%20-%20Copia/
node_modules/vitest/dist/ch
unks/cli-api.lDy4N9kC.js:[
2m2887:23[22m[39m
[90m [2mÔØ»[22m 
Pool.schedule ../parque-dos
-eucaliptos%20-%20Copia/nod
e_modules/vitest/dist/chunk
s/cli-api.lDy4N9kC.js:[2m3
448:18[22m[39m
[90m [2mÔØ»[22m 
Pool.run ../parque-dos-euca
liptos%20-%20Copia/node_mod
ules/vitest/dist/chunks/cli
-api.lDy4N9kC.js:[2m3410:8
[22m[39m

[31m[2mÔÄ»ÔÄ»ÔÄ»ÔÄ»ÔÄ»ÔÄ»
ÔÄ»ÔÄ»ÔÄ»ÔÄ»ÔÄ»ÔÄ»ÔÄ»ÔÄ»ÔÄ»
ÔÄ»ÔÄ»ÔÄ»ÔÄ»ÔÄ»ÔÄ»ÔÄ»ÔÄ»ÔÄ»
ÔÄ»ÔÄ»ÔÄ»ÔÄ»ÔÄ»ÔÄ»[22m[39
m
[31m[1mSerialized 
Error:[22m[39m [90m{ 
code: 
'ERR_INVALID_ARG_VALUE' 
}[39m

[31mÔÄ»ÔÄ»ÔÄ»ÔÄ»ÔÄ»ÔÄ»[39
m[1m[41m Unhandled Error 
[49m[22m[31mÔÄ»ÔÄ»ÔÄ»ÔÄ»
ÔÄ»ÔÄ»ÔÄ»[39m
[31m[1mError[22m: 
[vitest-pool]: Failed to 
start forks worker for 
test files C:/GITHUB/parque
-dos-eucaliptos - Copia/app
/exemplo2.test.tsx.[39m
[90m [2mÔØ»[22m ../parqu
e-dos-eucaliptos%20-%20Copi
a/node_modules/vitest/dist/
chunks/cli-api.lDy4N9kC.js:
[2m3448:94[22m[39m
[90m [2mÔØ»[22m 
Pool.schedule ../parque-dos
-eucaliptos%20-%20Copia/nod
e_modules/vitest/dist/chunk
s/cli-api.lDy4N9kC.js:[2m3
448:5[22m[39m

[31m[1mCaused by: 
TypeError[22m: The 
property 'options.env[' N E
 X T _ P U B L I C _ G E M 
I N I _ A P I _ K E Y ']' 
must be a string without 
null bytes. Received '\x00N
\x00E\x00X\x00T\x00_\x00P\x
00U\x00B\x00L\x00I\x00C\x00
_\x00G\x00E\x00M\x00I\x00N\
x00I\x00_\x00A\x00P\x00I\x0
0_\x00K\x00E\x...[39m
[90m [2mÔØ»[22m 
validateArgumentNullCheck n
ode:child_process:[2m1008:
11[22m[39m
[90m [2mÔØ»[22m 
normalizeSpawnArguments nod
e:child_process:[2m734:7[
22m[39m
[90m [2mÔØ»[22m spawn no
de:child_process:[2m789:13
[22m[39m
[90m [2mÔØ»[22m fork nod
e:child_process:[2m174:10
[22m[39m
[90m [2mÔØ»[22m 
ForksPoolWorker.start ../pa
rque-dos-eucaliptos%20-%20C
opia/node_modules/vitest/di
st/chunks/cli-api.lDy4N9kC.
js:[2m3071:18[22m[39m
[90m [2mÔØ»[22m ../parqu
e-dos-eucaliptos%20-%20Copi
a/node_modules/vitest/dist/
chunks/cli-api.lDy4N9kC.js:
[2m2887:119[22m[39m
[90m [2mÔØ»[22m 
Traces.$ ../parque-dos-euca
liptos%20-%20Copia/node_mod
ules/vitest/dist/chunks/tra
ces.DT5aQ62U.js:[2m142:27
[22m[39m
[90m [2mÔØ»[22m 
PoolRunner.start ../parque-
dos-eucaliptos%20-%20Copia/
node_modules/vitest/dist/ch
unks/cli-api.lDy4N9kC.js:[
2m2887:23[22m[39m
[90m [2mÔØ»[22m 
Pool.schedule ../parque-dos
-eucaliptos%20-%20Copia/nod
e_modules/vitest/dist/chunk
s/cli-api.lDy4N9kC.js:[2m3
448:18[22m[39m
[90m [2mÔØ»[22m 
Pool.run ../parque-dos-euca
liptos%20-%20Copia/node_mod
ules/vitest/dist/chunks/cli
-api.lDy4N9kC.js:[2m3410:8
[22m[39m

[31m[2mÔÄ»ÔÄ»ÔÄ»ÔÄ»ÔÄ»ÔÄ»
ÔÄ»ÔÄ»ÔÄ»ÔÄ»ÔÄ»ÔÄ»ÔÄ»ÔÄ»ÔÄ»
ÔÄ»ÔÄ»ÔÄ»ÔÄ»ÔÄ»ÔÄ»ÔÄ»ÔÄ»ÔÄ»
ÔÄ»ÔÄ»ÔÄ»ÔÄ»ÔÄ»ÔÄ»[22m[39
m
[31m[1mSerialized 
Error:[22m[39m [90m{ 
code: 
'ERR_INVALID_ARG_VALUE' 
}[39m

[31mÔÄ»ÔÄ»ÔÄ»ÔÄ»ÔÄ»ÔÄ»[39
m[1m[41m Unhandled Error 
[49m[22m[31mÔÄ»ÔÄ»ÔÄ»ÔÄ»
ÔÄ»ÔÄ»ÔÄ»[39m
[31m[1mError[22m: 
[vitest-pool]: Failed to 
start forks worker for 
test files C:/GITHUB/parque
-dos-eucaliptos - Copia/app
/admin/dashboard/DashboardA
dmin.test.tsx.[39m
[90m [2mÔØ»[22m ../parqu
e-dos-eucaliptos%20-%20Copi
a/node_modules/vitest/dist/
chunks/cli-api.lDy4N9kC.js:
[2m3448:94[22m[39m
[90m [2mÔØ»[22m 
Pool.schedule ../parque-dos
-eucaliptos%20-%20Copia/nod
e_modules/vitest/dist/chunk
s/cli-api.lDy4N9kC.js:[2m3
448:5[22m[39m

[31m[1mCaused by: 
TypeError[22m: The 
property 'options.env[' N E
 X T _ P U B L I C _ G E M 
I N I _ A P I _ K E Y ']' 
must be a string without 
null bytes. Received '\x00N
\x00E\x00X\x00T\x00_\x00P\x
00U\x00B\x00L\x00I\x00C\x00
_\x00G\x00E\x00M\x00I\x00N\
x00I\x00_\x00A\x00P\x00I\x0
0_\x00K\x00E\x...[39m
[90m [2mÔØ»[22m 
validateArgumentNullCheck n
ode:child_process:[2m1008:
11[22m[39m
[90m [2mÔØ»[22m 
normalizeSpawnArguments nod
e:child_process:[2m734:7[
22m[39m
[90m [2mÔØ»[22m spawn no
de:child_process:[2m789:13
[22m[39m
[90m [2mÔØ»[22m fork nod
e:child_process:[2m174:10
[22m[39m
[90m [2mÔØ»[22m 
ForksPoolWorker.start ../pa
rque-dos-eucaliptos%20-%20C
opia/node_modules/vitest/di
st/chunks/cli-api.lDy4N9kC.
js:[2m3071:18[22m[39m
[90m [2mÔØ»[22m ../parqu
e-dos-eucaliptos%20-%20Copi
a/node_modules/vitest/dist/
chunks/cli-api.lDy4N9kC.js:
[2m2887:119[22m[39m
[90m [2mÔØ»[22m 
Traces.$ ../parque-dos-euca
liptos%20-%20Copia/node_mod
ules/vitest/dist/chunks/tra
ces.DT5aQ62U.js:[2m142:27
[22m[39m
[90m [2mÔØ»[22m 
PoolRunner.start ../parque-
dos-eucaliptos%20-%20Copia/
node_modules/vitest/dist/ch
unks/cli-api.lDy4N9kC.js:[
2m2887:23[22m[39m
[90m [2mÔØ»[22m 
Pool.schedule ../parque-dos
-eucaliptos%20-%20Copia/nod
e_modules/vitest/dist/chunk
s/cli-api.lDy4N9kC.js:[2m3
448:18[22m[39m
[90m [2mÔØ»[22m 
Pool.schedule ../parque-dos
-eucaliptos%20-%20Copia/nod
e_modules/vitest/dist/chunk
s/cli-api.lDy4N9kC.js:[2m3
475:15[22m[39m

[31m[2mÔÄ»ÔÄ»ÔÄ»ÔÄ»ÔÄ»ÔÄ»
ÔÄ»ÔÄ»ÔÄ»ÔÄ»ÔÄ»ÔÄ»ÔÄ»ÔÄ»ÔÄ»
ÔÄ»ÔÄ»ÔÄ»ÔÄ»ÔÄ»ÔÄ»ÔÄ»ÔÄ»ÔÄ»
ÔÄ»ÔÄ»ÔÄ»ÔÄ»ÔÄ»ÔÄ»[22m[39
m
[31m[1mSerialized 
Error:[22m[39m [90m{ 
code: 
'ERR_INVALID_ARG_VALUE' 
}[39m

[31mÔÄ»ÔÄ»ÔÄ»ÔÄ»ÔÄ»ÔÄ»[39
m[1m[41m Unhandled Error 
[49m[22m[31mÔÄ»ÔÄ»ÔÄ»ÔÄ»
ÔÄ»ÔÄ»ÔÄ»[39m
[31m[1mError[22m: 
[vitest-pool]: Failed to 
start forks worker for 
test files C:/GITHUB/parque
-dos-eucaliptos - Copia/par
que-eucaliptos-app/site/app
/admin/dashboard/DashboardA
dmin.test.tsx.[39m
[90m [2mÔØ»[22m ../parqu
e-dos-eucaliptos%20-%20Copi
a/node_modules/vitest/dist/
chunks/cli-api.lDy4N9kC.js:
[2m3448:94[22m[39m
[90m [2mÔØ»[22m 
Pool.schedule ../parque-dos
-eucaliptos%20-%20Copia/nod
e_modules/vitest/dist/chunk
s/cli-api.lDy4N9kC.js:[2m3
448:5[22m[39m

[31m[1mCaused by: 
TypeError[22m: The 
property 'options.env[' N E
 X T _ P U B L I C _ G E M 
I N I _ A P I _ K E Y ']' 
must be a string without 
null bytes. Received '\x00N
\x00E\x00X\x00T\x00_\x00P\x
00U\x00B\x00L\x00I\x00C\x00
_\x00G\x00E\x00M\x00I\x00N\
x00I\x00_\x00A\x00P\x00I\x0
0_\x00K\x00E\x...[39m
[90m [2mÔØ»[22m 
validateArgumentNullCheck n
ode:child_process:[2m1008:
11[22m[39m
[90m [2mÔØ»[22m 
normalizeSpawnArguments nod
e:child_process:[2m734:7[
22m[39m
[90m [2mÔØ»[22m spawn no
de:child_process:[2m789:13
[22m[39m
[90m [2mÔØ»[22m fork nod
e:child_process:[2m174:10
[22m[39m
[90m [2mÔØ»[22m 
ForksPoolWorker.start ../pa
rque-dos-eucaliptos%20-%20C
opia/node_modules/vitest/di
st/chunks/cli-api.lDy4N9kC.
js:[2m3071:18[22m[39m
[90m [2mÔØ»[22m ../parqu
e-dos-eucaliptos%20-%20Copi
a/node_modules/vitest/dist/
chunks/cli-api.lDy4N9kC.js:
[2m2887:119[22m[39m
[90m [2mÔØ»[22m 
Traces.$ ../parque-dos-euca
liptos%20-%20Copia/node_mod
ules/vitest/dist/chunks/tra
ces.DT5aQ62U.js:[2m142:27
[22m[39m
[90m [2mÔØ»[22m 
PoolRunner.start ../parque-
dos-eucaliptos%20-%20Copia/
node_modules/vitest/dist/ch
unks/cli-api.lDy4N9kC.js:[
2m2887:23[22m[39m
[90m [2mÔØ»[22m 
Pool.schedule ../parque-dos
-eucaliptos%20-%20Copia/nod
e_modules/vitest/dist/chunk
s/cli-api.lDy4N9kC.js:[2m3
448:18[22m[39m
[90m [2mÔØ»[22m 
Pool.schedule ../parque-dos
-eucaliptos%20-%20Copia/nod
e_modules/vitest/dist/chunk
s/cli-api.lDy4N9kC.js:[2m3
475:15[22m[39m

[31m[2mÔÄ»ÔÄ»ÔÄ»ÔÄ»ÔÄ»ÔÄ»
ÔÄ»ÔÄ»ÔÄ»ÔÄ»ÔÄ»ÔÄ»ÔÄ»ÔÄ»ÔÄ»
ÔÄ»ÔÄ»ÔÄ»ÔÄ»ÔÄ»ÔÄ»ÔÄ»ÔÄ»ÔÄ»
ÔÄ»ÔÄ»ÔÄ»ÔÄ»ÔÄ»ÔÄ»[22m[39
m
[31m[1mSerialized 
Error:[22m[39m [90m{ 
code: 
'ERR_INVALID_ARG_VALUE' 
}[39m

[31mÔÄ»ÔÄ»ÔÄ»ÔÄ»ÔÄ»ÔÄ»[39
m[1m[41m Unhandled Error 
[49m[22m[31mÔÄ»ÔÄ»ÔÄ»ÔÄ»
ÔÄ»ÔÄ»ÔÄ»[39m
[31m[1mError[22m: 
[vitest-pool]: Failed to 
start forks worker for 
test files C:/GITHUB/parque
-dos-eucaliptos - Copia/par
que-eucaliptos-app/site/app
/exemplo2.test.tsx.[39m
[90m [2mÔØ»[22m ../parqu
e-dos-eucaliptos%20-%20Copi
a/node_modules/vitest/dist/
chunks/cli-api.lDy4N9kC.js:
[2m3448:94[22m[39m
[90m [2mÔØ»[22m 
Pool.schedule ../parque-dos
-eucaliptos%20-%20Copia/nod
e_modules/vitest/dist/chunk
s/cli-api.lDy4N9kC.js:[2m3
448:5[22m[39m

[31m[1mCaused by: 
TypeError[22m: The 
property 'options.env[' N E
 X T _ P U B L I C _ G E M 
I N I _ A P I _ K E Y ']' 
must be a string without 
null bytes. Received '\x00N
\x00E\x00X\x00T\x00_\x00P\x
00U\x00B\x00L\x00I\x00C\x00
_\x00G\x00E\x00M\x00I\x00N\
x00I\x00_\x00A\x00P\x00I\x0
0_\x00K\x00E\x...[39m
[90m [2mÔØ»[22m 
validateArgumentNullCheck n
ode:child_process:[2m1008:
11[22m[39m
[90m [2mÔØ»[22m 
normalizeSpawnArguments nod
e:child_process:[2m734:7[
22m[39m
[90m [2mÔØ»[22m spawn no
de:child_process:[2m789:13
[22m[39m
[90m [2mÔØ»[22m fork nod
e:child_process:[2m174:10
[22m[39m
[90m [2mÔØ»[22m 
ForksPoolWorker.start ../pa
rque-dos-eucaliptos%20-%20C
opia/node_modules/vitest/di
st/chunks/cli-api.lDy4N9kC.
js:[2m3071:18[22m[39m
[90m [2mÔØ»[22m ../parqu
e-dos-eucaliptos%20-%20Copi
a/node_modules/vitest/dist/
chunks/cli-api.lDy4N9kC.js:
[2m2887:119[22m[39m
[90m [2mÔØ»[22m 
Traces.$ ../parque-dos-euca
liptos%20-%20Copia/node_mod
ules/vitest/dist/chunks/tra
ces.DT5aQ62U.js:[2m142:27
[22m[39m
[90m [2mÔØ»[22m 
PoolRunner.start ../parque-
dos-eucaliptos%20-%20Copia/
node_modules/vitest/dist/ch
unks/cli-api.lDy4N9kC.js:[
2m2887:23[22m[39m
[90m [2mÔØ»[22m 
Pool.schedule ../parque-dos
-eucaliptos%20-%20Copia/nod
e_modules/vitest/dist/chunk
s/cli-api.lDy4N9kC.js:[2m3
448:18[22m[39m
[90m [2mÔØ»[22m 
Pool.schedule ../parque-dos
-eucaliptos%20-%20Copia/nod
e_modules/vitest/dist/chunk
s/cli-api.lDy4N9kC.js:[2m3
475:15[22m[39m

[31m[2mÔÄ»ÔÄ»ÔÄ»ÔÄ»ÔÄ»ÔÄ»
ÔÄ»ÔÄ»ÔÄ»ÔÄ»ÔÄ»ÔÄ»ÔÄ»ÔÄ»ÔÄ»
ÔÄ»ÔÄ»ÔÄ»ÔÄ»ÔÄ»ÔÄ»ÔÄ»ÔÄ»ÔÄ»
ÔÄ»ÔÄ»ÔÄ»ÔÄ»ÔÄ»ÔÄ»[22m[39
m
[31m[1mSerialized 
Error:[22m[39m [90m{ 
code: 
'ERR_INVALID_ARG_VALUE' 
}[39m

[31mÔÄ»ÔÄ»ÔÄ»ÔÄ»ÔÄ»ÔÄ»[39
m[1m[41m Unhandled Error 
[49m[22m[31mÔÄ»ÔÄ»ÔÄ»ÔÄ»
ÔÄ»ÔÄ»ÔÄ»[39m
[31m[1mError[22m: 
[vitest-pool]: Failed to 
start forks worker for 
test files C:/GITHUB/parque
-dos-eucaliptos - Copia/com
ponents/Card.test.tsx.[39m
[90m [2mÔØ»[22m ../parqu
e-dos-eucaliptos%20-%20Copi
a/node_modules/vitest/dist/
chunks/cli-api.lDy4N9kC.js:
[2m3448:94[22m[39m
[90m [2mÔØ»[22m 
Pool.schedule ../parque-dos
-eucaliptos%20-%20Copia/nod
e_modules/vitest/dist/chunk
s/cli-api.lDy4N9kC.js:[2m3
448:5[22m[39m

[31m[1mCaused by: 
TypeError[22m: The 
property 'options.env[' N E
 X T _ P U B L I C _ G E M 
I N I _ A P I _ K E Y ']' 
must be a string without 
null bytes. Received '\x00N
\x00E\x00X\x00T\x00_\x00P\x
00U\x00B\x00L\x00I\x00C\x00
_\x00G\x00E\x00M\x00I\x00N\
x00I\x00_\x00A\x00P\x00I\x0
0_\x00K\x00E\x...[39m
[90m [2mÔØ»[22m 
validateArgumentNullCheck n
ode:child_process:[2m1008:
11[22m[39m
[90m [2mÔØ»[22m 
normalizeSpawnArguments nod
e:child_process:[2m734:7[
22m[39m

[2m Test Files [22m [2mno tests[22m
[2m      Tests [22m [2mno tests[22m
[2m     Errors [22m [1m[31m8 errors[39m[22m
[2m   Start at [22m 00:12:14
[2m   Duration [22m 30ms[2m (transform 0ms, setup 0ms, import 0ms, tests 0ms, environment 0ms)[22m

[90m [2mÔØ»[22m spawn no
de:child_process:[2m789:13
[22m[39m
[90m [2mÔØ»[22m fork nod
e:child_process:[2m174:10
[22m[39m
[90m [2mÔØ»[22m 
ForksPoolWorker.start ../pa
rque-dos-eucaliptos%20-%20C
opia/node_modules/vitest/di
st/chunks/cli-api.lDy4N9kC.
js:[2m3071:18[22m[39m
[90m [2mÔØ»[22m ../parqu
e-dos-eucaliptos%20-%20Copi
a/node_modules/vitest/dist/
chunks/cli-api.lDy4N9kC.js:
[2m2887:119[22m[39m
[90m [2mÔØ»[22m 
Traces.$ ../parque-dos-euca
liptos%20-%20Copia/node_mod
ules/vitest/dist/chunks/tra
ces.DT5aQ62U.js:[2m142:27
[22m[39m
[90m [2mÔØ»[22m 
PoolRunner.start ../parque-
dos-eucaliptos%20-%20Copia/
node_modules/vitest/dist/ch
unks/cli-api.lDy4N9kC.js:[
2m2887:23[22m[39m
[90m [2mÔØ»[22m 
Pool.schedule ../parque-dos
-eucaliptos%20-%20Copia/nod
e_modules/vitest/dist/chunk
s/cli-api.lDy4N9kC.js:[2m3
448:18[22m[39m
[90m [2mÔØ»[22m 
Pool.schedule ../parque-dos
-eucaliptos%20-%20Copia/nod
e_modules/vitest/dist/chunk
s/cli-api.lDy4N9kC.js:[2m3
475:15[22m[39m

[31m[2mÔÄ»ÔÄ»ÔÄ»ÔÄ»ÔÄ»ÔÄ»
ÔÄ»ÔÄ»ÔÄ»ÔÄ»ÔÄ»ÔÄ»ÔÄ»ÔÄ»ÔÄ»
ÔÄ»ÔÄ»ÔÄ»ÔÄ»ÔÄ»ÔÄ»ÔÄ»ÔÄ»ÔÄ»
ÔÄ»ÔÄ»ÔÄ»ÔÄ»ÔÄ»ÔÄ»[22m[39
m
[31m[1mSerialized 
Error:[22m[39m [90m{ 
code: 
'ERR_INVALID_ARG_VALUE' 
}[39m

[31mÔÄ»ÔÄ»ÔÄ»ÔÄ»ÔÄ»ÔÄ»[39
m[1m[41m Unhandled Error 
[49m[22m[31mÔÄ»ÔÄ»ÔÄ»ÔÄ»
ÔÄ»ÔÄ»ÔÄ»[39m
[31m[1mError[22m: 
[vitest-pool]: Failed to 
start forks worker for 
test files C:/GITHUB/parque
-dos-eucaliptos - Copia/Exe
mplo.test.tsx.[39m
[90m [2mÔØ»[22m ../parqu
e-dos-eucaliptos%20-%20Copi
a/node_modules/vitest/dist/
chunks/cli-api.lDy4N9kC.js:
[2m3448:94[22m[39m
[90m [2mÔØ»[22m 
Pool.schedule ../parque-dos
-eucaliptos%20-%20Copia/nod
e_modules/vitest/dist/chunk
s/cli-api.lDy4N9kC.js:[2m3
448:5[22m[39m

[31m[1mCaused by: 
TypeError[22m: The 
property 'options.env[' N E
 X T _ P U B L I C _ G E M 
I N I _ A P I _ K E Y ']' 
must be a string without 
null bytes. Received '\x00N
\x00E\x00X\x00T\x00_\x00P\x
00U\x00B\x00L\x00I\x00C\x00
_\x00G\x00E\x00M\x00I\x00N\
x00I\x00_\x00A\x00P\x00I\x0
0_\x00K\x00E\x...[39m
[90m [2mÔØ»[22m 
validateArgumentNullCheck n
ode:child_process:[2m1008:
11[22m[39m
[90m [2mÔØ»[22m 
normalizeSpawnArguments nod
e:child_process:[2m734:7[
22m[39m
[90m [2mÔØ»[22m spawn no
de:child_process:[2m789:13
[22m[39m
[90m [2mÔØ»[22m fork nod
e:child_process:[2m174:10
[22m[39m
[90m [2mÔØ»[22m 
ForksPoolWorker.start ../pa
rque-dos-eucaliptos%20-%20C
opia/node_modules/vitest/di
st/chunks/cli-api.lDy4N9kC.
js:[2m3071:18[22m[39m
[90m [2mÔØ»[22m ../parqu
e-dos-eucaliptos%20-%20Copi
a/node_modules/vitest/dist/
chunks/cli-api.lDy4N9kC.js:
[2m2887:119[22m[39m
[90m [2mÔØ»[22m 
Traces.$ ../parque-dos-euca
liptos%20-%20Copia/node_mod
ules/vitest/dist/chunks/tra
ces.DT5aQ62U.js:[2m142:27
[22m[39m
[90m [2mÔØ»[22m 
PoolRunner.start ../parque-
dos-eucaliptos%20-%20Copia/
node_modules/vitest/dist/ch
unks/cli-api.lDy4N9kC.js:[
2m2887:23[22m[39m
[90m [2mÔØ»[22m 
Pool.schedule ../parque-dos
-eucaliptos%20-%20Copia/nod
e_modules/vitest/dist/chunk
s/cli-api.lDy4N9kC.js:[2m3
448:18[22m[39m
[90m [2mÔØ»[22m 
Pool.schedule ../parque-dos
-eucaliptos%20-%20Copia/nod
e_modules/vitest/dist/chunk
s/cli-api.lDy4N9kC.js:[2m3
475:15[22m[39m

[31m[2mÔÄ»ÔÄ»ÔÄ»ÔÄ»ÔÄ»ÔÄ»
ÔÄ»ÔÄ»ÔÄ»ÔÄ»ÔÄ»ÔÄ»ÔÄ»ÔÄ»ÔÄ»
ÔÄ»ÔÄ»ÔÄ»ÔÄ»ÔÄ»ÔÄ»ÔÄ»ÔÄ»ÔÄ»
ÔÄ»ÔÄ»ÔÄ»ÔÄ»ÔÄ»ÔÄ»[22m[39
m
[31m[1mSerialized 
Error:[22m[39m [90m{ 
code: 
'ERR_INVALID_ARG_VALUE' 
}[39m
[31mÔÄ»ÔÄ»ÔÄ»ÔÄ»ÔÄ»ÔÄ»ÔÄ»Ô
Ä»ÔÄ»ÔÄ»ÔÄ»ÔÄ»ÔÄ»ÔÄ»ÔÄ»ÔÄ»Ô
Ä»ÔÄ»ÔÄ»ÔÄ»ÔÄ»ÔÄ»ÔÄ»ÔÄ»ÔÄ»Ô
Ä»ÔÄ»ÔÄ»ÔÄ»ÔÄ»[39m

[vitest-pool]: Timeout 
terminating forks worker 
for test files C:/GITHUB/pa
rque-dos-eucaliptos - Copia
/app/dashboard/Dashboard.te
st.tsx.
[vitest-pool]: Timeout 
terminating forks worker 
for test files C:/GITHUB/pa
rque-dos-eucaliptos - Copia
/parque-eucaliptos-app/site
/app/dashboard/Dashboard.te
st.tsx.
[vitest-pool]: Timeout 
terminating forks worker 
for test files C:/GITHUB/pa
rque-dos-eucaliptos - Copia
/app/exemplo2.test.tsx.
[vitest-pool]: Timeout 
terminating forks worker 
for test files C:/GITHUB/pa
rque-dos-eucaliptos - Copia
/app/admin/dashboard/Dashbo
ardAdmin.test.tsx.
[vitest-pool]: Timeout 
terminating forks worker 
for test files C:/GITHUB/pa
rque-dos-eucaliptos - Copia
/parque-eucaliptos-app/site
/app/admin/dashboard/Dashbo
ardAdmin.test.tsx.
[vitest-pool]: Timeout 
terminating forks worker 
for test files C:/GITHUB/pa
rque-dos-eucaliptos - Copia
/parque-eucaliptos-app/site
/app/exemplo2.test.tsx.
[vitest-pool]: Timeout 
terminating forks worker 
for test files C:/GITHUB/pa
rque-dos-eucaliptos - Copia
/components/Card.test.tsx.
[vitest-pool]: Timeout 
terminating forks worker 
for test files C:/GITHUB/pa
rque-dos-eucaliptos - 
Copia/Exemplo.test.tsx.
